+ set -e
+ sample_folder=alfa_v1v2_SILVA-e001
+ query=/shared/users/grupo1/lemmi16s/benchmark/instances/alfa_v1v2_SILVA/alfa_v1v2_SILVA-e001
+ model_path=/shared/users/grupo1/lemmi16s/benchmark/tmp/qiime2_alfa_v1v2_SILVA/tmp_e001
+ output_file=/shared/users/grupo1/lemmi16s/benchmark/analysis_outputs/qiime2_20228_lemmi16s.alfa_v1v2_SILVA-e001.predictions.tsv
+ aux_parameters=none=none
+ declare -A parameters
+ parameters[type]='SampleData[PairedEndSequencesWithQuality]'
+ parameters[format]=PairedEndFastqManifestPhred33
+ parameters[trim_length]=120
+ parameters["tax_level"]=7
+ parameters["q_score"]=20
+ IFS=,
+ read -a fields
+ for i in "${fields[@]}"
++ echo none=none
++ cut -d= -f1
+ key=none
++ echo none=none
++ cut -d= -f2
+ value=none
+ parameters[$key]=none
+ mkdir -p tmp_alfa_v1v2_SILVA-e001
+ cd tmp_alfa_v1v2_SILVA-e001
+ '[' -z ']'
++ nproc
+ cpus=4
+ echo '=== INICIANDO LEMMI16S ANALYSIS QIIME2 CON 4 NUCLEOS ==='
+ echo sample-id,absolute-filepath,direction
+ echo -e alfa-v1v2-SILVA-e001,/shared/users/grupo1/lemmi16s/benchmark/instances/alfa_v1v2_SILVA/alfa_v1v2_SILVA-e001/queryReads1.fq,forward
+ echo -e alfa-v1v2-SILVA-e001,/shared/users/grupo1/lemmi16s/benchmark/instances/alfa_v1v2_SILVA/alfa_v1v2_SILVA-e001/queryReads2.fq,reverse
+ echo '[PASO 1/5] Importando secuencias demux...'
+ qiime tools import --type 'SampleData[PairedEndSequencesWithQuality]' --input-path manifest.tsv --output-path demux.qza --input-format PairedEndFastqManifestPhred33
+ echo '[PASO 2/5] Filtrado de calidad por q-score...'
+ qiime quality-filter q-score --i-demux demux.qza --p-min-quality 20 --o-filtered-sequences demux-filtered.qza --o-filter-stats demux-filter-stats.qza
QIIME is caching your current deployment for improved performance. This may take a few moments and should only happen once per deployment.
+ echo '[PASO 3/5] Denoising y filtrado con Deblur (usando 4 hilos)...'
+ qiime deblur denoise-16S --i-demultiplexed-seqs demux-filtered.qza --p-trim-length 120 --p-jobs-to-start 4 --o-representative-sequences rep-seqs-deblur.qza --o-table table-deblur.qza --p-sample-stats --o-stats deblur-stats.qza
+ mv rep-seqs-deblur.qza rep-seqs.qza
+ mv table-deblur.qza table.qza
+ echo '[PASO 4/5] Clasificacion taxonomica Naive Bayes con classify-sklearn (usando 4 hilos)...'
+ qiime feature-classifier classify-sklearn --i-classifier /shared/users/grupo1/lemmi16s/benchmark/tmp/qiime2_alfa_v1v2_SILVA/tmp_e001/referenceClassificator.qza --i-reads rep-seqs.qza --p-n-jobs 4 --o-classification taxonomy.qza
Usage: qiime feature-classifier classify-sklearn [OPTIONS]

  Classify reads by taxon using a fitted classifier.

Inputs:
  --i-reads ARTIFACT FeatureData[Sequence]
                         The feature data to be classified.         [required]
  --i-classifier ARTIFACT
    TaxonomicClassifier  The taxonomic classifier for classifying the reads.
                                                                    [required]
Parameters:
  --p-reads-per-batch VALUE Int % Range(1, None) | Str % Choices('auto')
                         Number of reads to process in each batch. If "auto",
                         this parameter is autoscaled to min( number of query
                         sequences / n-jobs, 20000).         [default: 'auto']
  --p-n-jobs INTEGER     The maximum number of concurrently worker processes.
                         If -1 all CPUs are used. If 1 is given, no parallel
                         computing code is used at all, which is useful for
                         debugging. For n-jobs below -1, (n_cpus + 1 + n-jobs)
                         are used. Thus for n-jobs = -2, all CPUs but one are
                         used.                                    [default: 1]
  --p-pre-dispatch TEXT  "all" or expression, as in "3*n_jobs". The number of
                         batches (of tasks) to be pre-dispatched.
                                                         [default: '2*n_jobs']
  --p-confidence VALUE Float % Range(0, 1, inclusive_end=True) | Str %
    Choices('disable')   Confidence threshold for limiting taxonomic depth.
                         Set to "disable" to disable confidence calculation,
                         or 0 to calculate confidence but not apply it to
                         limit the taxonomic depth of the assignments.
                                                                [default: 0.7]
  --p-read-orientation TEXT Choices('same', 'reverse-complement', 'auto')
                         Direction of reads with respect to reference
                         sequences. same will cause reads to be classified
                         unchanged; reverse-complement will cause reads to be
                         reversed and complemented prior to classification.
                         "auto" will autodetect orientation based on the
                         confidence estimates for the first 100 reads.
                                                             [default: 'auto']
Outputs:
  --o-classification ARTIFACT FeatureData[Taxonomy]
                                                                    [required]
Miscellaneous:
  --output-dir PATH      Output unspecified results to a directory
  --verbose / --quiet    Display verbose output to stdout and/or stderr
                         during execution of this action. Or silence output if
                         execution is successful (silence is golden).
  --example-data PATH    Write example data and exit.
  --citations            Show citations and exit.
  --help                 Show this message and exit.

                    There was a problem with the command:                     
 (1/1) Invalid value for '--i-classifier': '/shared/users/grupo1/lemmi16s/benc
  hmark/tmp/qiime2_alfa_v1v2_SILVA/tmp_e001/referenceClassificator.qza' is not
  a valid filepath
